// Jest Snapshot v1, https://goo.gl/fbAQLP

exports[`<Collapse /> renders correctly 1`] = `
Array [
  <div
    className="wrapper collapse"
  >
    <h1>
      test
    </h1>
  </div>,
  <button
    className="btn"
    type="button"
  >
    <img
      alt="Arrow"
      src="arrow.svg"
    />
  </button>,
]
`;
