// Jest Snapshot v1, https://goo.gl/fbAQLP

exports[`<CardDetails /> renders correctly 1`] = `
<ul
  className="wrapper"
>
  <li
    className="item"
  >
    <span>
      Marca
    </span>
    <strong>
      -
    </strong>
  </li>
  <li
    className="item"
  >
    <span>
      Modelo
    </span>
    <strong>
      -
    </strong>
  </li>
  <li
    className="item"
  >
    <span>
      Versão
    </span>
    <strong>
      -
    </strong>
  </li>
  <li
    className="item"
  >
    <span>
      Ano
    </span>
    <strong>
      -
    </strong>
  </li>
  <li
    className="item"
  >
    <span>
      Km médio
    </span>
    <strong>
      -
    </strong>
  </li>
  <li
    className="item"
  >
    <span>
      Preço tabela FIPE
    </span>
    <strong>
      -
    </strong>
  </li>
  <li
    className="item"
  >
    <span>
      Preço mínimo:
    </span>
    <strong>
      -
    </strong>
  </li>
  <li
    className="item"
  >
    <span>
      Preço médio:
    </span>
    <strong>
      -
    </strong>
  </li>
  <li
    className="item"
  >
    <span>
      Preço máximo:
    </span>
    <strong>
      -
    </strong>
  </li>
  <li
    className="item"
  >
    <span>
      Piso preço médio:
    </span>
    <strong>
      -
    </strong>
  </li>
  <li
    className="item"
  >
    <span>
      Piso preço médio volanty:
    </span>
    <strong>
      -
    </strong>
  </li>
  <li
    className="item"
  >
    <span>
      Teto preço médio volanty:
    </span>
    <strong>
      -
    </strong>
  </li>
  <li
    className="item"
  >
    <span>
      Teto preço concessionária:
    </span>
    <strong>
      -
    </strong>
  </li>
  <li
    className="item"
  >
    <span>
      Piso preço concessionária:
    </span>
    <strong>
      -
    </strong>
  </li>
</ul>
`;
