// Jest Snapshot v1, https://goo.gl/fbAQLP

exports[`<CardDetails /> renders correctly 1`] = `
<ul
  className="wrapper"
>
  <li
    className="item"
  >
    <span>
      Marca
    </span>
    <strong>
      VOLKSWAGEN
    </strong>
  </li>
  <li
    className="item"
  >
    <span>
      Modelo
    </span>
    <strong>
      POLO
    </strong>
  </li>
  <li
    className="item"
  >
    <span>
      Versão
    </span>
    <strong>
      1.6 MSI TOTAL FLEX MANUAL
    </strong>
  </li>
  <li
    className="item"
  >
    <span>
      Ano
    </span>
    <strong>
      2018
    </strong>
  </li>
  <li
    className="item"
  >
    <span>
      Km médio
    </span>
    <strong>
      24647
    </strong>
  </li>
  <li
    className="item"
  >
    <span>
      Preço tabela FIPE
    </span>
    <strong>
      R$ 50,639.00
    </strong>
  </li>
  <li
    className="item"
  >
    <span>
      Preço mínimo:
    </span>
    <strong>
      R$ 43,900.00
    </strong>
  </li>
  <li
    className="item"
  >
    <span>
      Preço médio:
    </span>
    <strong>
      R$ 50,596.00
    </strong>
  </li>
  <li
    className="item"
  >
    <span>
      Preço máximo:
    </span>
    <strong>
      R$ 59,990.00
    </strong>
  </li>
  <li
    className="item"
  >
    <span>
      Piso preço médio:
    </span>
    <strong>
      R$ 48,066.00
    </strong>
  </li>
  <li
    className="item"
  >
    <span>
      Piso preço médio volanty:
    </span>
    <strong>
      R$ 44,524.00
    </strong>
  </li>
  <li
    className="item"
  >
    <span>
      Teto preço médio volanty:
    </span>
    <strong>
      R$ 46,042.00
    </strong>
  </li>
  <li
    className="item"
  >
    <span>
      Teto preço concessionária:
    </span>
    <strong>
      R$ 40,477.00
    </strong>
  </li>
  <li
    className="item"
  >
    <span>
      Piso preço concessionária:
    </span>
    <strong>
      R$ 35,417.00
    </strong>
  </li>
</ul>
`;
