// Jest Snapshot v1, https://goo.gl/fbAQLP

exports[`renders correctly 1`] = `
<main
  className="wrapper"
>
  <h1
    className="title"
  >
    Quanto vale meu carro ?
  </h1>
  <div
    className="wrapper collapse"
  >
    <div
      className="wrapper"
    >
      <h4
        className="blockTitle"
      >
        Marca e modelo do carro
      </h4>
      <select
        className="wrapper select undefined"
        data-testid="select"
        defaultValue="default"
        name="brand"
        onChange={[Function]}
      >
        <option
          value="default"
        >
          Selecione uma marca
        </option>
      </select>
      <select
        className="wrapper select disabled"
        data-testid="select"
        defaultValue="default"
        disabled={true}
        name="model"
        onChange={[Function]}
      >
        <option
          value="default"
        >
          Selecione um modelo
        </option>
      </select>
      <h4
        className="blockTitle"
      >
        Ano e versão
      </h4>
      <select
        className="wrapper select disabled"
        data-testid="select"
        defaultValue="default"
        disabled={true}
        name="year"
        onChange={[Function]}
      >
        <option
          value="default"
        >
          Selecione o ano
        </option>
      </select>
      <select
        className="wrapper select disabled"
        data-testid="select"
        defaultValue="default"
        disabled={true}
        name="versionId"
        onChange={[Function]}
      >
        <option
          value="default"
        >
          Selecione a versão do modelo
        </option>
      </select>
    </div>
  </div>
  <button
    className="btn"
    onClick={[Function]}
    type="button"
  >
    <img
      alt="Arrow"
      src="arrow.svg"
    />
  </button>
</main>
`;
