// Jest Snapshot v1, https://goo.gl/fbAQLP

exports[`<Select /> renders correctly 1`] = `
<select
  className="wrapper undefined false"
  data-testid="select"
  defaultValue="default"
  disabled={false}
  onChange={[Function]}
>
  <option
    value="default"
  >
    
  </option>
  <option
    value="test"
  >
    test
  </option>
</select>
`;
